BACKUP_EMERGENCY_2026_01_21/SynergosPage.tsx(1,27): error TS2307: Cannot find module './components/LaunchPlanner' or its corresponding type declarations.
BACKUP_EMERGENCY_2026_01_21/SynergosPage.tsx(2,22): error TS2307: Cannot find module './components/SynCards' or its corresponding type declarations.
BACKUP_EMERGENCY_2026_01_21/SynergosPage.tsx(3,32): error TS2307: Cannot find module './components/ModuleNotActivated' or its corresponding type declarations.
BACKUP_EMERGENCY_2026_01_21/SynergosPage.tsx(12,20): error TS2307: Cannot find module './components/Header' or its corresponding type declarations.
BACKUP_EMERGENCY_2026_01_21/SynergosPage.tsx(13,21): error TS2307: Cannot find module './components/Sidebar' or its corresponding type declarations.
BACKUP_EMERGENCY_2026_01_21/SynergosPage.tsx(14,27): error TS2307: Cannot find module './components/AudioRecorder' or its corresponding type declarations.
BACKUP_EMERGENCY_2026_01_21/SynergosPage.tsx(15,28): error TS2307: Cannot find module './components/ScreenRecorder' or its corresponding type declarations.
BACKUP_EMERGENCY_2026_01_21/SynergosPage.tsx(17,30): error TS2307: Cannot find module './config/synergos-config' or its corresponding type declarations.
BACKUP_EMERGENCY_2026_01_21/SynergosPage.tsx(18,27): error TS2307: Cannot find module './components/AuthGuard' or its corresponding type declarations.
