node.exe : npm error 
Missing script: 
"typecheck"
En línea: 1 
Carácter: 1
+ & "C:\Program Files
\nodejs/node.exe" 
"C:\Program 
Files\nodejs/node_mo 
...
+ ~~~~~~~~~~~~~~~~~~~
~~~~~~~~~~~~~~~~~~~~~
~~~~~~~~~~~~~~~~~~~~~
~~~~~~~~
    + CategoryInfo   
           : NotSpe  
  cified: (npm err   
 or Missing scrip    
t: "typecheck":S    
tring) [], Remot    
eException
    + FullyQualified 
   ErrorId : Native  
  CommandError
 
npm error
npm error To see a 
list of scripts, run:
npm error   npm run
npm error A complete 
log of this run can 
be found in: C:\Users
\FVH\AppData\Local\np
m-cache\_logs\2026-01
-24T00_17_28_703Z-deb
ug-0.log
